galaxy = ((c ((b c) ((c ((b c) :1342)) :1328))) :1336)
